
The following have been reloaded with a version change:
  1) GCC/10.2.0 => GCC/13.2.0
  2) GCCcore/10.2.0 => GCCcore/13.2.0
  3) XZ/5.2.5-GCCcore-10.2.0 => XZ/5.4.4-GCCcore-13.2.0
  4) binutils/2.35-GCCcore-10.2.0 => binutils/2.40-GCCcore-13.2.0
  5) zlib/1.2.11-GCCcore-10.2.0 => zlib/1.2.13-GCCcore-13.2.0


The following have been reloaded with a version change:
  1) libpciaccess/0.16-GCCcore-10.2.0 => libpciaccess/0.17-GCCcore-13.2.0

BCH train 0
BCH val 0
Traceback (most recent call last):
  File "/home/ivanzait/proj/Unet_proj/2d-reconnection-data/prepare_states.py", line 81, in <module>
    create_datasets(args.data_dir, args.out_dir, args.step_size, args.num_steps, args.num_test_sequences)
  File "/home/ivanzait/proj/Unet_proj/2d-reconnection-data/prepare_states.py", line 47, in create_datasets
    test_files = [files[step - t_min] for step in test_steps]
                 ^^^^^^^^^^^^^^^^^^^^^^^^^^^^^^^^^^^^^^^^^^^^
  File "/home/ivanzait/proj/Unet_proj/2d-reconnection-data/prepare_states.py", line 47, in <listcomp>
    test_files = [files[step - t_min] for step in test_steps]
                  ~~~~~^^^^^^^^^^^^^^
IndexError: list index out of range
